// Jest Snapshot v1, https://goo.gl/fbAQLP

exports[`Button Rendering should match to snapshot 1`] = `
ShallowWrapper {
  Symbol(enzyme.__root__): [Circular],
  Symbol(enzyme.__unrendered__): <Button
    name="test"
    onPress={[MockFunction]}
  />,
  Symbol(enzyme.__renderer__): Object {
    "batchedUpdates": [Function],
    "checkPropTypes": [Function],
    "getNode": [Function],
    "render": [Function],
    "simulateError": [Function],
    "simulateEvent": [Function],
    "unmount": [Function],
  },
  Symbol(enzyme.__node__): Object {
    "instance": null,
    "key": undefined,
    "nodeType": "class",
    "props": Object {
      "activeOpacity": 0.2,
      "children": <Text
        style={
          Object {
            "alignSelf": "center",
            "color": "white",
          }
        }
      >
        test
      </Text>,
      "disabled": undefined,
      "onPress": [Function],
      "style": Array [
        Object {
          "backgroundColor": "#6e7cea",
          "borderRadius": 10,
          "height": 50,
          "justifyContent": "center",
          "marginVertical": 20,
          "width": 250,
        },
        undefined,
      ],
    },
    "ref": null,
    "rendered": Object {
      "instance": null,
      "key": undefined,
      "nodeType": "class",
      "props": Object {
        "children": "test",
        "style": Object {
          "alignSelf": "center",
          "color": "white",
        },
      },
      "ref": null,
      "rendered": "test",
      "type": [Function],
    },
    "type": [Function],
  },
  Symbol(enzyme.__nodes__): Array [
    Object {
      "instance": null,
      "key": undefined,
      "nodeType": "class",
      "props": Object {
        "activeOpacity": 0.2,
        "children": <Text
          style={
            Object {
              "alignSelf": "center",
              "color": "white",
            }
          }
        >
          test
        </Text>,
        "disabled": undefined,
        "onPress": [Function],
        "style": Array [
          Object {
            "backgroundColor": "#6e7cea",
            "borderRadius": 10,
            "height": 50,
            "justifyContent": "center",
            "marginVertical": 20,
            "width": 250,
          },
          undefined,
        ],
      },
      "ref": null,
      "rendered": Object {
        "instance": null,
        "key": undefined,
        "nodeType": "class",
        "props": Object {
          "children": "test",
          "style": Object {
            "alignSelf": "center",
            "color": "white",
          },
        },
        "ref": null,
        "rendered": "test",
        "type": [Function],
      },
      "type": [Function],
    },
  ],
  Symbol(enzyme.__options__): Object {
    "adapter": ReactSixteenAdapter {
      "options": Object {
        "enableComponentDidUpdateOnSetState": true,
        "legacyContextMode": "parent",
        "lifecycles": Object {
          "componentDidUpdate": Object {
            "onSetState": true,
          },
          "getChildContext": Object {
            "calledByRenderer": false,
          },
          "getDerivedStateFromError": true,
          "getDerivedStateFromProps": Object {
            "hasShouldComponentUpdateBug": false,
          },
          "getSnapshotBeforeUpdate": true,
          "setState": Object {
            "skipsComponentDidUpdateOnNullish": true,
          },
        },
      },
    },
    Symbol(enzyme.__providerValues__): undefined,
  },
  Symbol(enzyme.__providerValues__): Map {},
}
`;
